
> my-v0-project@0.1.0 test:admin-smoke
> vitest run tests/api/admin-smoke.test.ts


[1m[46m RUN [49m[22m [36mv4.0.16 [39m[90m/home/runner/work/nc-ecom/nc-ecom[39m

[90mstdout[2m | tests/api/admin-smoke.test.ts
[22m[39m[dotenv@17.2.3] injecting env (0) from .env -- tip: 🔐 prevent committing .env to code: https://dotenvx.com/precommit

[90mstderr[2m | tests/api/admin-smoke.test.ts
[22m[39mWARNING: DATABASE_URL not set. Some tests may fail.

[90mstdout[2m | tests/api/admin-smoke.test.ts[2m > [22m[2mAdmin API Smoke Tests[2m > [22m[2m1. Admin Dashboard Analytics API[2m > [22m[2mGET /api/admin/dashboard-analytics - should fetch dashboard analytics
[22m[39m⊘ Dashboard analytics requires admin role

[90mstdout[2m | tests/api/admin-smoke.test.ts[2m > [22m[2mAdmin API Smoke Tests[2m > [22m[2m4. Products Admin APIs[2m > [22m[2mPUT /api/products/[id] - should update a product (admin only)
[22m[39m⊘ Skipping product update test - no product ID

[90mstdout[2m | tests/api/admin-smoke.test.ts[2m > [22m[2mAdmin API Smoke Tests[2m > [22m[2m5. Brands Admin APIs[2m > [22m[2mPUT /api/brands/[id] - should update a brand (admin only)
[22m[39m⊘ Skipping brand update test - no brand ID

[90mstdout[2m | tests/api/admin-smoke.test.ts[2m > [22m[2mAdmin API Smoke Tests[2m > [22m[2m6. Bundles Admin APIs[2m > [22m[2mGET /api/bundles/[id]/items - should fetch bundle items
[22m[39m⊘ Skipping bundle items test - no bundle ID

 [32m✓[39m tests/api/admin-smoke.test.ts [2m([22m[2m41 tests[22m[2m)[22m[33m 4616[2mms[22m[39m
       [33m[2m✓[22m[39m GET /api/marketing/campaigns - should fetch email campaigns (admin only) [33m 406[2mms[22m[39m
       [33m[2m✓[22m[39m GET /api/marketing/lead-magnets - should fetch lead magnets (admin only) [33m 356[2mms[22m[39m
       [33m[2m✓[22m[39m GET /api/marketing/analytics - should fetch marketing analytics (admin only) [33m 387[2mms[22m[39m
       [33m[2m✓[22m[39m GET /api/marketing/abandoned-carts - should fetch abandoned carts (admin only) [33m 926[2mms[22m[39m

[2m Test Files [22m [1m[32m1 passed[39m[22m[90m (1)[39m
[2m      Tests [22m [1m[32m41 passed[39m[22m[90m (41)[39m
[2m   Start at [22m 11:58:40
[2m   Duration [22m 4.87s[2m (transform 80ms, setup 38ms, import 69ms, tests 4.62s, environment 0ms)[22m

